// Jest Snapshot v1, https://goo.gl/fbAQLP

exports[`EditExpensePage Component Should render EditExpensePage component correctly 1`] = `
<div>
  Editing Expense with id of 
  3
  !
  <ExpenseForm
    expense={
      Object {
        "amount": 4500,
        "createdAt": 345600000,
        "description": "Credit Card",
        "id": "3",
        "note": "",
      }
    }
    onSubmit={[Function]}
  />
  <button
    onClick={[Function]}
  >
    Remove
  </button>
</div>
`;
