// Jest Snapshot v1, https://goo.gl/fbAQLP

exports[`ExpenseListItem Component Should render ExpenseListItem with expense 1`] = `
<div>
  <Link
    replace={false}
    to="/edit/1"
  >
    <h1>
      Gum
    </h1>
  </Link>
  <p>
    $1.95
  </p>
  <p>
    December 31st, 1969
  </p>
</div>
`;
