// Jest Snapshot v1, https://goo.gl/fbAQLP

exports[`Header Component Should render header correctlly 1`] = `
<header>
  <h1>
    Expensify!
  </h1>
  <ul
    className="nav"
  >
    <li>
      <NavLink
        activeClassName="is-active"
        ariaCurrent="true"
        exact={true}
        to="/"
      >
        Dashboard
      </NavLink>
    </li>
    <li>
      <NavLink
        activeClassName="is-active"
        ariaCurrent="true"
        to="/create"
      >
        Create Expense
      </NavLink>
    </li>
    <li>
      <NavLink
        activeClassName="is-active"
        ariaCurrent="true"
        to="/help"
      >
        Help
      </NavLink>
    </li>
  </ul>
</header>
`;
