// Jest Snapshot v1, https://goo.gl/fbAQLP

exports[`NotFoundPage Component Should render NotFoundPage Component 1`] = `
<div>
  404!
</div>
`;
